Copyright 1986-2017 Xilinx, Inc. All Rights Reserved.
--------------------------------------------------------------------------------------
| Tool Version : Vivado v.2017.4 (win64) Build 2086221 Fri Dec 15 20:55:39 MST 2017
| Date         : Wed Jan  3 15:41:59 2024
| Host         : supreme running 64-bit major release  (build 9200)
| Command      : report_control_sets -verbose -file MiniPiano_control_sets_placed.rpt
| Design       : MiniPiano
| Device       : xc7a35t
--------------------------------------------------------------------------------------

Control Set Information

Table of Contents
-----------------
1. Summary
2. Flip-Flop Distribution
3. Detailed Control Set Information

1. Summary
----------

+----------------------------------------------------------+-------+
|                          Status                          | Count |
+----------------------------------------------------------+-------+
| Number of unique control sets                            |   370 |
| Unused register locations in slices containing registers |   204 |
+----------------------------------------------------------+-------+


2. Flip-Flop Distribution
-------------------------

+--------------+-----------------------+------------------------+-----------------+--------------+
| Clock Enable | Synchronous Set/Reset | Asynchronous Set/Reset | Total Registers | Total Slices |
+--------------+-----------------------+------------------------+-----------------+--------------+
| No           | No                    | No                     |             963 |          164 |
| No           | No                    | Yes                    |             402 |          146 |
| No           | Yes                   | No                     |              56 |           29 |
| Yes          | No                    | No                     |            9662 |         3928 |
| Yes          | No                    | Yes                    |              16 |           10 |
| Yes          | Yes                   | No                     |             825 |          231 |
+--------------+-----------------------+------------------------+-----------------+--------------+


3. Detailed Control Set Information
-----------------------------------

+---------------------------------+--------------------------------------------+--------------------------------------------+------------------+----------------+
|           Clock Signal          |                Enable Signal               |              Set/Reset Signal              | Slice Load Count | Bel Load Count |
+---------------------------------+--------------------------------------------+--------------------------------------------+------------------+----------------+
|  free/notes_reg[1][17]/G0       |                                            |                                            |                1 |              1 |
|  free/notes_reg[5][17]/G0       |                                            |                                            |                1 |              1 |
|  free/notes_reg[1][18]/G0       |                                            |                                            |                1 |              1 |
|  free/notes_reg[3][17]/G0       |                                            |                                            |                1 |              1 |
|  clk_IBUF_BUFG                  | speaker0_out                               |                                            |                1 |              1 |
|  free/notes_reg[1][17]_i_1_n_0  |                                            | free/notes_reg[6][16]_i_1_n_0              |                1 |              2 |
|  clk_IBUF_BUFG                  | seg_en_right[3]_i_1_n_0                    | p_0_in                                     |                1 |              2 |
|  div/clk_20ms                   |                                            | div/cnt_reg[31]_0                          |                1 |              3 |
|  clk_IBUF_BUFG                  | free/counter1                              | free/div/cnt_reg[0]_0                      |                2 |              4 |
|  clk_IBUF_BUFG                  | seg_en_left[3]_i_1_n_0                     |                                            |                3 |              4 |
|  dcm_25m/inst/clk_out1          | vga/datar                                  | vga/datar[3]_i_1_n_0                       |                3 |              4 |
|  clk_IBUF_BUFG                  | mode_IBUF[2]                               |                                            |                3 |              4 |
|  clk_IBUF_BUFG                  | free/addr[3]_i_1_n_0                       | free/div/cnt_reg[0]_0                      |                3 |              4 |
|  clk_IBUF_BUFG                  | auto_play/cnt[3]_i_1_n_0                   | auto_play/song1/div/clk_20ms_reg_0         |                3 |              4 |
|  clk_IBUF_BUFG                  | learn/learn/user_index[3]_i_1_n_0          | learn/learn/div/cnt_reg[30]_0              |                2 |              4 |
|  clk_IBUF_BUFG                  | free/cnt[3]_i_1__0_n_0                     | free/div/cnt_reg[0]_0                      |                2 |              4 |
|  clk_IBUF_BUFG                  | auto_play/song1/light[6]_i_1__0_n_0        |                                            |                2 |              6 |
|  clk_IBUF_BUFG                  | auto_play/song1/state[5]_i_1__2_n_0        | auto_play/song1/div/clk_20ms_reg_0         |                4 |              6 |
|  clk_IBUF_BUFG                  | learn/learn/light[5]_i_2__0_n_0            | learn/learn/light[5]_i_1__3_n_0            |                4 |              6 |
|  record/div/clk_20ms            |                                            | record/div/start5                          |                1 |              6 |
|  dcm_25m/inst/clk_out1          | vga/v                                      | vga/v[7]_i_1_n_0                           |                3 |              6 |
|  auto_play/song2/div/clk_20ms   |                                            | auto_play/song1/div/clk_20ms_reg_0         |                1 |              6 |
|  auto_play/div/clk_20ms         |                                            | auto_play/song1/div/clk_20ms_reg_0         |                2 |              6 |
|  clk_IBUF_BUFG                  | learn/learn/state                          | learn/learn/state[5]_i_1__1_n_0            |                3 |              6 |
|  clk_IBUF_BUFG                  | auto_play/song2/state[5]_i_1__3_n_0        | auto_play/song1/div/clk_20ms_reg_0         |                2 |              6 |
|  clk_IBUF_BUFG                  | auto_play/song2/light[6]_i_1__1_n_0        |                                            |                3 |              7 |
|  clk_IBUF_BUFG                  | record/light[6]_i_2_n_0                    | record/light[6]_i_1_n_0                    |                4 |              7 |
|  clk_IBUF_BUFG                  | auto_play/song3/light[6]_i_2__0_n_0        | auto_play/song3/light[6]_i_1__3_n_0        |                1 |              7 |
|  clk_IBUF_BUFG                  | light[6]_i_2__3_n_0                        | p_0_in                                     |                4 |              7 |
|  clk_IBUF_BUFG                  | learn/learn/grade                          | learn/learn/state[5]_i_1__1_n_0            |                5 |              7 |
|  clk_IBUF_BUFG                  | seg_out_left[7]_i_1_n_0                    |                                            |                5 |              8 |
|  auto_play/light_reg[6]_i_2_n_0 |                                            |                                            |                4 |              8 |
|  clk_IBUF_BUFG                  | seg_out_right[7]_i_1_n_0                   | p_0_in                                     |                4 |              8 |
|  dcm_25m/inst/clk_out1          | vga/datar                                  | vga/datag[2]_i_1_n_0                       |                4 |              8 |
|  learn/learn/div/clk_20ms       |                                            | learn/learn/div/cnt_reg[30]_0              |                3 |              9 |
|  free/div/clk_20ms              |                                            | free/div/cnt_reg[0]_0                      |                2 |              9 |
|  clk_IBUF_BUFG                  | auto_play/song3/state[8]_i_2__0_n_0        | auto_play/song3/state[8]_i_1__0_n_0        |                5 |              9 |
|  auto_play/song3/div/clk_20ms   |                                            | auto_play/song1/div/clk_20ms_reg_0         |                3 |              9 |
|  auto_play/song1/div/clk_20ms   |                                            | auto_play/song1/div/clk_20ms_reg_0         |                2 |              9 |
|  dcm_25m/inst/clk_out1          | vga/h                                      | vga/h[8]_i_1_n_0                           |                3 |              9 |
|  dcm_25m/inst/clk_out1          |                                            | vga/hcount_ov                              |                4 |             10 |
|  clk_IBUF_BUFG                  | record/save_i_1_n_0                        | record/div/start5                          |                3 |             10 |
|  dcm_25m/inst/clk_out1          | vga/hcount_ov                              | vga/vcount                                 |                4 |             10 |
|  dcm_25m/inst/clk_out1          |                                            | vga/red[3]_i_1_n_0                         |                6 |             12 |
|  clk_IBUF_BUFG                  | record/save0                               | record/div/start5                          |                3 |             14 |
|  dcm_25m/inst/clk_out1          | vga/addra                                  | vga/addra[15]_i_1_n_0                      |                4 |             15 |
|  dcm_25m/inst/clk_out1          |                                            |                                            |               13 |             30 |
|  clk_IBUF_BUFG                  | auto_play/song2/counter                    | auto_play/song2/counter[0]_i_1__4_n_0      |                8 |             32 |
|  clk_IBUF_BUFG                  | auto_play/song2/counter                    | auto_play/song2/counter_beat[0]_i_1__2_n_0 |                8 |             32 |
|  clk_IBUF_BUFG                  | auto_play/song2/counter_stop[0]_i_1__0_n_0 | auto_play/song2/counter_beat[0]_i_1__2_n_0 |                8 |             32 |
|  clk_IBUF_BUFG                  | free/counter[0]_i_2__2_n_0                 | free/pwm                                   |                8 |             32 |
|  clk_IBUF_BUFG                  | learn/learn/counter                        | learn/learn/counter[0]_i_1__1_n_0          |                8 |             32 |
|  clk_IBUF_BUFG                  | learn/learn/counter_beat[0]_i_2__1_n_0     | learn/learn/counter_beat[0]_i_1__3_n_0     |                8 |             32 |
|  clk_IBUF_BUFG                  | learn/learn/counter_break[31]_i_1_n_0      | learn/learn/div/cnt_reg[30]_0              |                7 |             32 |
|  clk_IBUF_BUFG                  | learn/learn/counter_deduct                 | learn/learn/counter_deduct[0]_i_1_n_0      |                8 |             32 |
|  clk_IBUF_BUFG                  | record/counter[0]_i_2_n_0                  | record/counter[0]_i_1_n_0                  |                8 |             32 |
|  clk_IBUF_BUFG                  | record/recorded_data[101][1][31]_i_1_n_0   |                                            |               12 |             32 |
|  clk_IBUF_BUFG                  | record/recorded_data[104][1][31]_i_1_n_0   |                                            |               15 |             32 |
|  clk_IBUF_BUFG                  | record/recorded_data[100][1][31]_i_1_n_0   |                                            |               14 |             32 |
|  clk_IBUF_BUFG                  | record/recorded_data[105][1][31]_i_1_n_0   |                                            |               11 |             32 |
|  clk_IBUF_BUFG                  | record/recorded_data[0][1][31]_i_1_n_0     |                                            |                9 |             32 |
|  clk_IBUF_BUFG                  | record/recorded_data[102][1][31]_i_1_n_0   |                                            |               12 |             32 |
|  clk_IBUF_BUFG                  | record/recorded_data[103][1][31]_i_1_n_0   |                                            |               14 |             32 |
|  clk_IBUF_BUFG                  | record/recorded_data[108][1][31]_i_1_n_0   |                                            |               15 |             32 |
|  clk_IBUF_BUFG                  | record/recorded_data[10][1][31]_i_1_n_0    |                                            |                9 |             32 |
|  clk_IBUF_BUFG                  | record/recorded_data[109][1][31]_i_1_n_0   |                                            |               14 |             32 |
|  clk_IBUF_BUFG                  | record/recorded_data[112][1][31]_i_1_n_0   |                                            |               17 |             32 |
|  clk_IBUF_BUFG                  | record/recorded_data[113][1][31]_i_1_n_0   |                                            |               15 |             32 |
|  clk_IBUF_BUFG                  | record/recorded_data[114][1][31]_i_1_n_0   |                                            |               18 |             32 |
|  clk_IBUF_BUFG                  | record/recorded_data[115][1][31]_i_1_n_0   |                                            |               18 |             32 |
|  clk_IBUF_BUFG                  | record/recorded_data[111][1][31]_i_1_n_0   |                                            |               16 |             32 |
|  clk_IBUF_BUFG                  | record/recorded_data[107][1][31]_i_1_n_0   |                                            |               14 |             32 |
|  clk_IBUF_BUFG                  | record/recorded_data[116][1][31]_i_1_n_0   |                                            |               18 |             32 |
|  clk_IBUF_BUFG                  | record/recorded_data[106][1][31]_i_1_n_0   |                                            |               16 |             32 |
|  clk_IBUF_BUFG                  | record/recorded_data[110][1][31]_i_1_n_0   |                                            |               13 |             32 |
|  clk_IBUF_BUFG                  | record/recorded_data[121][1][31]_i_1_n_0   |                                            |               15 |             32 |
|  clk_IBUF_BUFG                  | record/recorded_data[123][1][31]_i_1_n_0   |                                            |               16 |             32 |
|  clk_IBUF_BUFG                  | record/recorded_data[118][1][31]_i_1_n_0   |                                            |               18 |             32 |
|  clk_IBUF_BUFG                  | record/recorded_data[124][1][31]_i_1_n_0   |                                            |               14 |             32 |
|  clk_IBUF_BUFG                  | record/recorded_data[125][1][31]_i_1_n_0   |                                            |               16 |             32 |
|  clk_IBUF_BUFG                  | record/recorded_data[126][1][31]_i_1_n_0   |                                            |               16 |             32 |
|  clk_IBUF_BUFG                  | record/recorded_data[117][1][31]_i_1_n_0   |                                            |               17 |             32 |
|  clk_IBUF_BUFG                  | record/recorded_data[120][1][31]_i_1_n_0   |                                            |               15 |             32 |
|  clk_IBUF_BUFG                  | record/recorded_data[122][1][31]_i_1_n_0   |                                            |               16 |             32 |
|  clk_IBUF_BUFG                  | record/recorded_data[11][1][31]_i_1_n_0    |                                            |               10 |             32 |
|  clk_IBUF_BUFG                  | record/recorded_data[119][1][31]_i_1_n_0   |                                            |               16 |             32 |
|  clk_IBUF_BUFG                  | record/recorded_data[132][1][31]_i_1_n_0   |                                            |               12 |             32 |
|  clk_IBUF_BUFG                  | record/recorded_data[12][1][31]_i_1_n_0    |                                            |                9 |             32 |
|  clk_IBUF_BUFG                  | record/recorded_data[131][1][31]_i_1_n_0   |                                            |               15 |             32 |
|  clk_IBUF_BUFG                  | record/recorded_data[128][1][31]_i_1_n_0   |                                            |               13 |             32 |
|  clk_IBUF_BUFG                  | record/recorded_data[129][1][31]_i_1_n_0   |                                            |               13 |             32 |
|  clk_IBUF_BUFG                  | record/recorded_data[127][1][31]_i_1_n_0   |                                            |               15 |             32 |
|  clk_IBUF_BUFG                  | record/recorded_data[130][1][31]_i_1_n_0   |                                            |               16 |             32 |
|  clk_IBUF_BUFG                  | record/recorded_data[134][1][31]_i_1_n_0   |                                            |               13 |             32 |
|  clk_IBUF_BUFG                  | record/recorded_data[136][1][31]_i_1_n_0   |                                            |               13 |             32 |
|  clk_IBUF_BUFG                  | record/recorded_data[133][1][31]_i_1_n_0   |                                            |               13 |             32 |
|  clk_IBUF_BUFG                  | record/recorded_data[137][1][31]_i_1_n_0   |                                            |               13 |             32 |
|  clk_IBUF_BUFG                  | record/recorded_data[135][1][31]_i_1_n_0   |                                            |               13 |             32 |
|  clk_IBUF_BUFG                  | record/recorded_data[139][1][31]_i_1_n_0   |                                            |               14 |             32 |
|  clk_IBUF_BUFG                  | record/recorded_data[138][1][31]_i_1_n_0   |                                            |               14 |             32 |
|  clk_IBUF_BUFG                  | record/recorded_data[13][1][31]_i_1_n_0    |                                            |               11 |             32 |
|  clk_IBUF_BUFG                  | record/recorded_data[140][1][31]_i_1_n_0   |                                            |               14 |             32 |
|  clk_IBUF_BUFG                  | record/recorded_data[14][1][31]_i_1_n_0    |                                            |                9 |             32 |
|  clk_IBUF_BUFG                  | record/recorded_data[146][1][31]_i_1_n_0   |                                            |               13 |             32 |
|  clk_IBUF_BUFG                  | record/recorded_data[150][1][31]_i_1_n_0   |                                            |               13 |             32 |
|  clk_IBUF_BUFG                  | record/recorded_data[151][1][31]_i_1_n_0   |                                            |               12 |             32 |
|  clk_IBUF_BUFG                  | record/recorded_data[149][1][31]_i_1_n_0   |                                            |               13 |             32 |
|  clk_IBUF_BUFG                  | record/recorded_data[148][1][31]_i_1_n_0   |                                            |               11 |             32 |
|  clk_IBUF_BUFG                  | record/recorded_data[141][1][31]_i_1_n_0   |                                            |               13 |             32 |
|  clk_IBUF_BUFG                  | record/recorded_data[144][1][31]_i_1_n_0   |                                            |               14 |             32 |
|  clk_IBUF_BUFG                  | record/recorded_data[147][1][31]_i_1_n_0   |                                            |               15 |             32 |
|  clk_IBUF_BUFG                  | record/recorded_data[145][1][31]_i_1_n_0   |                                            |               14 |             32 |
|  clk_IBUF_BUFG                  | record/recorded_data[143][1][31]_i_1_n_0   |                                            |               15 |             32 |
|  clk_IBUF_BUFG                  | record/recorded_data[142][1][31]_i_1_n_0   |                                            |               14 |             32 |
|  clk_IBUF_BUFG                  | record/recorded_data[158][1][31]_i_1_n_0   |                                            |               14 |             32 |
|  clk_IBUF_BUFG                  | record/recorded_data[152][1][31]_i_1_n_0   |                                            |               15 |             32 |
|  clk_IBUF_BUFG                  | record/recorded_data[153][1][31]_i_1_n_0   |                                            |               13 |             32 |
|  clk_IBUF_BUFG                  | record/recorded_data[159][1][31]_i_1_n_0   |                                            |               13 |             32 |
|  clk_IBUF_BUFG                  | record/recorded_data[15][1][31]_i_1_n_0    |                                            |                9 |             32 |
|  clk_IBUF_BUFG                  | record/recorded_data[154][1][31]_i_1_n_0   |                                            |               13 |             32 |
|  clk_IBUF_BUFG                  | record/recorded_data[155][1][31]_i_1_n_0   |                                            |               13 |             32 |
|  clk_IBUF_BUFG                  | record/recorded_data[161][1][31]_i_1_n_0   |                                            |               14 |             32 |
|  clk_IBUF_BUFG                  | record/recorded_data[160][1][31]_i_1_n_0   |                                            |               15 |             32 |
|  clk_IBUF_BUFG                  | record/recorded_data[156][1][31]_i_1_n_0   |                                            |               13 |             32 |
|  clk_IBUF_BUFG                  | record/recorded_data[157][1][31]_i_1_n_0   |                                            |               13 |             32 |
|  clk_IBUF_BUFG                  | record/recorded_data[168][1][31]_i_1_n_0   |                                            |               15 |             32 |
|  clk_IBUF_BUFG                  | record/recorded_data[163][1][31]_i_1_n_0   |                                            |               13 |             32 |
|  clk_IBUF_BUFG                  | record/recorded_data[171][1][31]_i_1_n_0   |                                            |               14 |             32 |
|  clk_IBUF_BUFG                  | record/recorded_data[167][1][31]_i_1_n_0   |                                            |               15 |             32 |
|  clk_IBUF_BUFG                  | record/recorded_data[165][1][31]_i_1_n_0   |                                            |               13 |             32 |
|  clk_IBUF_BUFG                  | record/recorded_data[169][1][31]_i_1_n_0   |                                            |               13 |             32 |
|  clk_IBUF_BUFG                  | record/recorded_data[164][1][31]_i_1_n_0   |                                            |               15 |             32 |
|  clk_IBUF_BUFG                  | record/recorded_data[166][1][31]_i_1_n_0   |                                            |               16 |             32 |
|  clk_IBUF_BUFG                  | record/recorded_data[172][1][31]_i_1_n_0   |                                            |               15 |             32 |
|  clk_IBUF_BUFG                  | record/recorded_data[173][1][31]_i_1_n_0   |                                            |               15 |             32 |
|  clk_IBUF_BUFG                  | record/recorded_data[16][1][31]_i_1_n_0    |                                            |               13 |             32 |
|  clk_IBUF_BUFG                  | record/recorded_data[170][1][31]_i_1_n_0   |                                            |               16 |             32 |
|  clk_IBUF_BUFG                  | record/recorded_data[162][1][31]_i_1_n_0   |                                            |               15 |             32 |
|  clk_IBUF_BUFG                  | record/recorded_data[174][1][31]_i_1_n_0   |                                            |               14 |             32 |
|  clk_IBUF_BUFG                  | record/recorded_data[181][1][31]_i_1_n_0   |                                            |               14 |             32 |
|  clk_IBUF_BUFG                  | record/recorded_data[182][1][31]_i_1_n_0   |                                            |               16 |             32 |
|  clk_IBUF_BUFG                  | record/recorded_data[176][1][31]_i_1_n_0   |                                            |               16 |             32 |
|  clk_IBUF_BUFG                  | record/recorded_data[180][1][31]_i_1_n_0   |                                            |               15 |             32 |
|  clk_IBUF_BUFG                  | record/recorded_data[183][1][31]_i_1_n_0   |                                            |               15 |             32 |
|  clk_IBUF_BUFG                  | record/recorded_data[17][1][31]_i_1_n_0    |                                            |               17 |             32 |
|  clk_IBUF_BUFG                  | record/recorded_data[177][1][31]_i_1_n_0   |                                            |               15 |             32 |
|  clk_IBUF_BUFG                  | record/recorded_data[175][1][31]_i_1_n_0   |                                            |               15 |             32 |
|  clk_IBUF_BUFG                  | record/recorded_data[178][1][31]_i_1_n_0   |                                            |               16 |             32 |
|  clk_IBUF_BUFG                  | record/recorded_data[179][1][31]_i_1_n_0   |                                            |               15 |             32 |
|  clk_IBUF_BUFG                  | record/recorded_data[185][1][31]_i_1_n_0   |                                            |               14 |             32 |
|  clk_IBUF_BUFG                  | record/recorded_data[18][1][31]_i_1_n_0    |                                            |               14 |             32 |
|  clk_IBUF_BUFG                  | record/recorded_data[191][1][31]_i_1_n_0   |                                            |               17 |             32 |
|  clk_IBUF_BUFG                  | record/recorded_data[188][1][31]_i_1_n_0   |                                            |               15 |             32 |
|  clk_IBUF_BUFG                  | record/recorded_data[192][1][31]_i_1_n_0   |                                            |               13 |             32 |
|  clk_IBUF_BUFG                  | record/recorded_data[189][1][31]_i_1_n_0   |                                            |               14 |             32 |
|  clk_IBUF_BUFG                  | record/recorded_data[184][1][31]_i_1_n_0   |                                            |               14 |             32 |
|  clk_IBUF_BUFG                  | record/recorded_data[187][1][31]_i_1_n_0   |                                            |               17 |             32 |
|  clk_IBUF_BUFG                  | record/recorded_data[190][1][31]_i_1_n_0   |                                            |               16 |             32 |
|  clk_IBUF_BUFG                  | record/recorded_data[186][1][31]_i_1_n_0   |                                            |               14 |             32 |
|  clk_IBUF_BUFG                  | record/recorded_data[198][1][31]_i_1_n_0   |                                            |               13 |             32 |
|  clk_IBUF_BUFG                  | record/recorded_data[193][1][31]_i_1_n_0   |                                            |               11 |             32 |
|  clk_IBUF_BUFG                  | record/recorded_data[19][1][31]_i_1_n_0    |                                            |               15 |             32 |
|  clk_IBUF_BUFG                  | record/recorded_data[201][1][31]_i_1_n_0   |                                            |               14 |             32 |
|  clk_IBUF_BUFG                  | record/recorded_data[194][1][31]_i_1_n_0   |                                            |               15 |             32 |
|  clk_IBUF_BUFG                  | record/recorded_data[199][1][31]_i_1_n_0   |                                            |               15 |             32 |
|  clk_IBUF_BUFG                  | record/recorded_data[195][1][31]_i_1_n_0   |                                            |               16 |             32 |
|  clk_IBUF_BUFG                  | record/recorded_data[196][1][31]_i_1_n_0   |                                            |               15 |             32 |
|  clk_IBUF_BUFG                  | record/recorded_data[200][1][31]_i_1_n_0   |                                            |               13 |             32 |
|  clk_IBUF_BUFG                  | record/recorded_data[1][1][31]_i_1_n_0     |                                            |                9 |             32 |
|  clk_IBUF_BUFG                  | record/recorded_data[197][1][31]_i_1_n_0   |                                            |               14 |             32 |
|  clk_IBUF_BUFG                  | record/recorded_data[203][1][31]_i_1_n_0   |                                            |               12 |             32 |
|  clk_IBUF_BUFG                  | record/recorded_data[206][1][31]_i_1_n_0   |                                            |               16 |             32 |
|  clk_IBUF_BUFG                  | record/recorded_data[211][1][31]_i_1_n_0   |                                            |               12 |             32 |
|  clk_IBUF_BUFG                  | record/recorded_data[208][1][31]_i_1_n_0   |                                            |               14 |             32 |
|  clk_IBUF_BUFG                  | record/recorded_data[205][1][31]_i_1_n_0   |                                            |               16 |             32 |
|  clk_IBUF_BUFG                  | record/recorded_data[202][1][31]_i_1_n_0   |                                            |               14 |             32 |
|  clk_IBUF_BUFG                  | record/recorded_data[20][1][31]_i_1_n_0    |                                            |               15 |             32 |
|  clk_IBUF_BUFG                  | record/recorded_data[207][1][31]_i_1_n_0   |                                            |               12 |             32 |
|  clk_IBUF_BUFG                  | record/recorded_data[209][1][31]_i_1_n_0   |                                            |               13 |             32 |
|  clk_IBUF_BUFG                  | record/recorded_data[204][1][31]_i_1_n_0   |                                            |               14 |             32 |
|  clk_IBUF_BUFG                  | record/recorded_data[210][1][31]_i_1_n_0   |                                            |               13 |             32 |
|  clk_IBUF_BUFG                  | record/recorded_data[214][1][31]_i_1_n_0   |                                            |               12 |             32 |
|  clk_IBUF_BUFG                  | record/recorded_data[215][1][31]_i_1_n_0   |                                            |               13 |             32 |
|  clk_IBUF_BUFG                  | record/recorded_data[217][1][31]_i_1_n_0   |                                            |               12 |             32 |
|  clk_IBUF_BUFG                  | record/recorded_data[220][1][31]_i_1_n_0   |                                            |               14 |             32 |
|  clk_IBUF_BUFG                  | record/recorded_data[221][1][31]_i_1_n_0   |                                            |               13 |             32 |
|  clk_IBUF_BUFG                  | record/recorded_data[212][1][31]_i_1_n_0   |                                            |               14 |             32 |
|  clk_IBUF_BUFG                  | record/recorded_data[218][1][31]_i_1_n_0   |                                            |               15 |             32 |
|  clk_IBUF_BUFG                  | record/recorded_data[213][1][31]_i_1_n_0   |                                            |               13 |             32 |
|  clk_IBUF_BUFG                  | record/recorded_data[222][1][31]_i_1_n_0   |                                            |               14 |             32 |
|  clk_IBUF_BUFG                  | record/recorded_data[219][1][31]_i_1_n_0   |                                            |               12 |             32 |
|  clk_IBUF_BUFG                  | record/recorded_data[21][1][31]_i_1_n_0    |                                            |               14 |             32 |
|  clk_IBUF_BUFG                  | record/recorded_data[216][1][31]_i_1_n_0   |                                            |               13 |             32 |
|  clk_IBUF_BUFG                  | record/recorded_data[224][1][31]_i_1_n_0   |                                            |               15 |             32 |
|  clk_IBUF_BUFG                  | record/recorded_data[227][1][31]_i_1_n_0   |                                            |               13 |             32 |
|  clk_IBUF_BUFG                  | record/recorded_data[230][1][31]_i_1_n_0   |                                            |               14 |             32 |
|  clk_IBUF_BUFG                  | record/recorded_data[223][1][31]_i_1_n_0   |                                            |               16 |             32 |
|  clk_IBUF_BUFG                  | record/recorded_data[231][1][31]_i_1_n_0   |                                            |               14 |             32 |
|  clk_IBUF_BUFG                  | record/recorded_data[22][1][31]_i_1_n_0    |                                            |               13 |             32 |
|  clk_IBUF_BUFG                  | record/recorded_data[229][1][31]_i_1_n_0   |                                            |               16 |             32 |
|  clk_IBUF_BUFG                  | record/recorded_data[225][1][31]_i_1_n_0   |                                            |               16 |             32 |
|  clk_IBUF_BUFG                  | record/recorded_data[232][1][31]_i_1_n_0   |                                            |               14 |             32 |
|  clk_IBUF_BUFG                  | record/recorded_data[228][1][31]_i_1_n_0   |                                            |               16 |             32 |
|  clk_IBUF_BUFG                  | record/recorded_data[233][1][31]_i_1_n_0   |                                            |               12 |             32 |
|  clk_IBUF_BUFG                  | record/recorded_data[226][1][31]_i_1_n_0   |                                            |               16 |             32 |
|  clk_IBUF_BUFG                  | record/recorded_data[242][1][31]_i_1_n_0   |                                            |               15 |             32 |
|  clk_IBUF_BUFG                  | record/recorded_data[238][1][31]_i_1_n_0   |                                            |               16 |             32 |
|  clk_IBUF_BUFG                  | record/recorded_data[234][1][31]_i_1_n_0   |                                            |               14 |             32 |
|  clk_IBUF_BUFG                  | record/recorded_data[240][1][31]_i_1_n_0   |                                            |               16 |             32 |
|  clk_IBUF_BUFG                  | record/recorded_data[23][1][31]_i_1_n_0    |                                            |               15 |             32 |
|  clk_IBUF_BUFG                  | record/recorded_data[243][1][31]_i_1_n_0   |                                            |               16 |             32 |
|  clk_IBUF_BUFG                  | record/recorded_data[241][1][31]_i_1_n_0   |                                            |               14 |             32 |
|  clk_IBUF_BUFG                  | record/recorded_data[235][1][31]_i_1_n_0   |                                            |               15 |             32 |
|  clk_IBUF_BUFG                  | record/recorded_data[237][1][31]_i_1_n_0   |                                            |               16 |             32 |
|  clk_IBUF_BUFG                  | record/recorded_data[239][1][31]_i_1_n_0   |                                            |               13 |             32 |
|  clk_IBUF_BUFG                  | record/recorded_data[236][1][31]_i_1_n_0   |                                            |               16 |             32 |
|  clk_IBUF_BUFG                  | record/recorded_data[245][1][31]_i_1_n_0   |                                            |               15 |             32 |
|  clk_IBUF_BUFG                  | record/recorded_data[246][1][31]_i_1_n_0   |                                            |               15 |             32 |
|  clk_IBUF_BUFG                  | record/recorded_data[249][1][31]_i_1_n_0   |                                            |               14 |             32 |
|  clk_IBUF_BUFG                  | record/recorded_data[24][1][31]_i_1_n_0    |                                            |               13 |             32 |
|  clk_IBUF_BUFG                  | record/recorded_data[250][1][31]_i_1_n_0   |                                            |               16 |             32 |
|  clk_IBUF_BUFG                  | record/recorded_data[251][1][31]_i_1_n_0   |                                            |               14 |             32 |
|  clk_IBUF_BUFG                  | record/recorded_data[248][1][31]_i_1_n_0   |                                            |               15 |             32 |
|  clk_IBUF_BUFG                  | record/recorded_data[252][1][31]_i_1_n_0   |                                            |               15 |             32 |
|  clk_IBUF_BUFG                  | record/recorded_data[253][1][31]_i_1_n_0   |                                            |               15 |             32 |
|  clk_IBUF_BUFG                  | record/recorded_data[244][1][31]_i_1_n_0   |                                            |               17 |             32 |
|  clk_IBUF_BUFG                  | record/recorded_data[247][1][31]_i_1_n_0   |                                            |               14 |             32 |
|  clk_IBUF_BUFG                  | record/recorded_data[261][1][31]_i_1_n_0   |                                            |               10 |             32 |
|  clk_IBUF_BUFG                  | record/recorded_data[262][1][31]_i_1_n_0   |                                            |                7 |             32 |
|  clk_IBUF_BUFG                  | record/recorded_data[256][1][31]_i_1_n_0   |                                            |                7 |             32 |
|  clk_IBUF_BUFG                  | record/recorded_data[257][1][31]_i_1_n_0   |                                            |                9 |             32 |
|  clk_IBUF_BUFG                  | record/recorded_data[260][1][31]_i_1_n_0   |                                            |               12 |             32 |
|  clk_IBUF_BUFG                  | record/recorded_data[259][1][31]_i_1_n_0   |                                            |                7 |             32 |
|  clk_IBUF_BUFG                  | record/recorded_data[25][1][31]_i_1_n_0    |                                            |               13 |             32 |
|  clk_IBUF_BUFG                  | record/recorded_data[255][1][31]_i_1_n_0   |                                            |               11 |             32 |
|  clk_IBUF_BUFG                  | record/recorded_data[258][1][31]_i_1_n_0   |                                            |               11 |             32 |
|  clk_IBUF_BUFG                  | record/recorded_data[254][1][31]_i_1_n_0   |                                            |               15 |             32 |
|  clk_IBUF_BUFG                  | record/recorded_data[263][1][31]_i_1_n_0   |                                            |               10 |             32 |
|  clk_IBUF_BUFG                  | record/recorded_data[269][1][31]_i_1_n_0   |                                            |                7 |             32 |
|  clk_IBUF_BUFG                  | record/recorded_data[26][1][31]_i_1_n_0    |                                            |               13 |             32 |
|  clk_IBUF_BUFG                  | record/recorded_data[271][1][31]_i_1_n_0   |                                            |                6 |             32 |
|  clk_IBUF_BUFG                  | record/recorded_data[270][1][31]_i_1_n_0   |                                            |               11 |             32 |
|  clk_IBUF_BUFG                  | record/recorded_data[272][1][31]_i_1_n_0   |                                            |                7 |             32 |
|  clk_IBUF_BUFG                  | record/recorded_data[273][1][31]_i_1_n_0   |                                            |                9 |             32 |
|  clk_IBUF_BUFG                  | record/recorded_data[264][1][31]_i_1_n_0   |                                            |                8 |             32 |
|  clk_IBUF_BUFG                  | record/recorded_data[268][1][31]_i_1_n_0   |                                            |                8 |             32 |
|  clk_IBUF_BUFG                  | record/recorded_data[265][1][31]_i_1_n_0   |                                            |                8 |             32 |
|  clk_IBUF_BUFG                  | record/recorded_data[267][1][31]_i_1_n_0   |                                            |                8 |             32 |
|  clk_IBUF_BUFG                  | record/recorded_data[266][1][31]_i_1_n_0   |                                            |                6 |             32 |
|  clk_IBUF_BUFG                  | record/recorded_data[275][1][31]_i_1_n_0   |                                            |                8 |             32 |
|  clk_IBUF_BUFG                  | record/recorded_data[280][1][31]_i_1_n_0   |                                            |               12 |             32 |
|  clk_IBUF_BUFG                  | record/recorded_data[282][1][31]_i_1_n_0   |                                            |               12 |             32 |
|  clk_IBUF_BUFG                  | record/recorded_data[278][1][31]_i_1_n_0   |                                            |                8 |             32 |
|  clk_IBUF_BUFG                  | record/recorded_data[279][1][31]_i_1_n_0   |                                            |                7 |             32 |
|  clk_IBUF_BUFG                  | record/recorded_data[277][1][31]_i_1_n_0   |                                            |                9 |             32 |
|  clk_IBUF_BUFG                  | record/recorded_data[283][1][31]_i_1_n_0   |                                            |                8 |             32 |
|  clk_IBUF_BUFG                  | record/recorded_data[281][1][31]_i_1_n_0   |                                            |               10 |             32 |
|  clk_IBUF_BUFG                  | record/recorded_data[276][1][31]_i_1_n_0   |                                            |                9 |             32 |
|  clk_IBUF_BUFG                  | record/recorded_data[284][1][31]_i_1_n_0   |                                            |               11 |             32 |
|  clk_IBUF_BUFG                  | record/recorded_data[285][1][31]_i_1_n_0   |                                            |               10 |             32 |
|  clk_IBUF_BUFG                  | record/recorded_data[274][1][31]_i_1_n_0   |                                            |                9 |             32 |
|  clk_IBUF_BUFG                  | record/recorded_data[27][1][31]_i_1_n_0    |                                            |               13 |             32 |
|  clk_IBUF_BUFG                  | record/recorded_data[290][1][31]_i_1_n_0   |                                            |                8 |             32 |
|  clk_IBUF_BUFG                  | record/recorded_data[289][1][31]_i_1_n_0   |                                            |               10 |             32 |
|  clk_IBUF_BUFG                  | record/recorded_data[293][1][31]_i_1_n_0   |                                            |                5 |             32 |
|  clk_IBUF_BUFG                  | record/recorded_data[294][1][31]_i_1_n_0   |                                            |                7 |             32 |
|  clk_IBUF_BUFG                  | record/recorded_data[286][1][31]_i_1_n_0   |                                            |                6 |             32 |
|  clk_IBUF_BUFG                  | record/recorded_data[292][1][31]_i_1_n_0   |                                            |                6 |             32 |
|  clk_IBUF_BUFG                  | record/recorded_data[295][1][31]_i_1_n_0   |                                            |                5 |             32 |
|  clk_IBUF_BUFG                  | record/recorded_data[287][1][31]_i_1_n_0   |                                            |               12 |             32 |
|  clk_IBUF_BUFG                  | record/recorded_data[28][1][31]_i_1_n_0    |                                            |               14 |             32 |
|  clk_IBUF_BUFG                  | record/recorded_data[291][1][31]_i_1_n_0   |                                            |                7 |             32 |
|  clk_IBUF_BUFG                  | record/recorded_data[296][1][31]_i_1_n_0   |                                            |               11 |             32 |
|  clk_IBUF_BUFG                  | record/recorded_data[288][1][31]_i_1_n_0   |                                            |                8 |             32 |
|  clk_IBUF_BUFG                  | record/recorded_data[29][1][31]_i_1_n_0    |                                            |               14 |             32 |
|  clk_IBUF_BUFG                  | record/recorded_data[32][1][31]_i_1_n_0    |                                            |               14 |             32 |
|  clk_IBUF_BUFG                  | record/recorded_data[2][1][31]_i_1_n_0     |                                            |                9 |             32 |
|  clk_IBUF_BUFG                  | record/recorded_data[298][1][31]_i_1_n_0   |                                            |                9 |             32 |
|  clk_IBUF_BUFG                  | record/recorded_data[297][1][31]_i_1_n_0   |                                            |               12 |             32 |
|  clk_IBUF_BUFG                  | record/recorded_data[299][1][31]_i_1_n_0   |                                            |               12 |             32 |
|  clk_IBUF_BUFG                  | record/recorded_data[30][1][31]_i_1_n_0    |                                            |               12 |             32 |
|  clk_IBUF_BUFG                  | record/recorded_data[300][1][31]_i_1_n_0   |                                            |               10 |             32 |
|  clk_IBUF_BUFG                  | record/recorded_data[37][1][31]_i_1_n_0    |                                            |               12 |             32 |
|  clk_IBUF_BUFG                  | record/recorded_data[36][1][31]_i_1_n_0    |                                            |               12 |             32 |
|  clk_IBUF_BUFG                  | record/recorded_data[39][1][31]_i_1_n_0    |                                            |               15 |             32 |
|  clk_IBUF_BUFG                  | record/recorded_data[41][1][31]_i_1_n_0    |                                            |               14 |             32 |
|  clk_IBUF_BUFG                  | record/recorded_data[38][1][31]_i_1_n_0    |                                            |               15 |             32 |
|  clk_IBUF_BUFG                  | record/recorded_data[42][1][31]_i_1_n_0    |                                            |               13 |             32 |
|  clk_IBUF_BUFG                  | record/recorded_data[44][1][31]_i_1_n_0    |                                            |               13 |             32 |
|  clk_IBUF_BUFG                  | record/recorded_data[3][1][31]_i_1_n_0     |                                            |               11 |             32 |
|  clk_IBUF_BUFG                  | record/recorded_data[43][1][31]_i_1_n_0    |                                            |               12 |             32 |
|  clk_IBUF_BUFG                  | record/recorded_data[35][1][31]_i_1_n_0    |                                            |               14 |             32 |
|  clk_IBUF_BUFG                  | record/recorded_data[34][1][31]_i_1_n_0    |                                            |               12 |             32 |
|  clk_IBUF_BUFG                  | record/recorded_data[33][1][31]_i_1_n_0    |                                            |               12 |             32 |
|  clk_IBUF_BUFG                  | record/recorded_data[40][1][31]_i_1_n_0    |                                            |               15 |             32 |
|  clk_IBUF_BUFG                  | record/recorded_data[52][1][31]_i_1_n_0    |                                            |               14 |             32 |
|  clk_IBUF_BUFG                  | record/recorded_data[4][1][31]_i_1_n_0     |                                            |                9 |             32 |
|  clk_IBUF_BUFG                  | record/recorded_data[46][1][31]_i_1_n_0    |                                            |               15 |             32 |
|  clk_IBUF_BUFG                  | record/recorded_data[48][1][31]_i_1_n_0    |                                            |               11 |             32 |
|  clk_IBUF_BUFG                  | record/recorded_data[51][1][31]_i_1_n_0    |                                            |               12 |             32 |
|  clk_IBUF_BUFG                  | record/recorded_data[50][1][31]_i_1_n_0    |                                            |               13 |             32 |
|  clk_IBUF_BUFG                  | record/recorded_data[54][1][31]_i_1_n_0    |                                            |               14 |             32 |
|  clk_IBUF_BUFG                  | record/recorded_data[45][1][31]_i_1_n_0    |                                            |               15 |             32 |
|  clk_IBUF_BUFG                  | record/recorded_data[47][1][31]_i_1_n_0    |                                            |               12 |             32 |
|  clk_IBUF_BUFG                  | record/recorded_data[49][1][31]_i_1_n_0    |                                            |               13 |             32 |
|  clk_IBUF_BUFG                  | record/recorded_data[55][1][31]_i_1_n_0    |                                            |               11 |             32 |
|  clk_IBUF_BUFG                  | record/recorded_data[53][1][31]_i_1_n_0    |                                            |               11 |             32 |
|  clk_IBUF_BUFG                  | record/recorded_data[56][1][31]_i_1_n_0    |                                            |               13 |             32 |
|  clk_IBUF_BUFG                  | record/recorded_data[58][1][31]_i_1_n_0    |                                            |               13 |             32 |
|  clk_IBUF_BUFG                  | record/recorded_data[5][1][31]_i_1_n_0     |                                            |                9 |             32 |
|  clk_IBUF_BUFG                  | record/recorded_data[59][1][31]_i_1_n_0    |                                            |               12 |             32 |
|  clk_IBUF_BUFG                  | record/recorded_data[65][1][31]_i_1_n_0    |                                            |               14 |             32 |
|  clk_IBUF_BUFG                  | record/recorded_data[66][1][31]_i_1_n_0    |                                            |               15 |             32 |
|  clk_IBUF_BUFG                  | record/recorded_data[61][1][31]_i_1_n_0    |                                            |               14 |             32 |
|  clk_IBUF_BUFG                  | record/recorded_data[64][1][31]_i_1_n_0    |                                            |               17 |             32 |
|  clk_IBUF_BUFG                  | record/recorded_data[60][1][31]_i_1_n_0    |                                            |               13 |             32 |
|  clk_IBUF_BUFG                  | record/recorded_data[57][1][31]_i_1_n_0    |                                            |               14 |             32 |
|  clk_IBUF_BUFG                  | record/recorded_data[62][1][31]_i_1_n_0    |                                            |               12 |             32 |
|  clk_IBUF_BUFG                  | record/recorded_data[63][1][31]_i_1_n_0    |                                            |               15 |             32 |
|  clk_IBUF_BUFG                  | record/recorded_data[72][1][31]_i_1_n_0    |                                            |               12 |             32 |
|  clk_IBUF_BUFG                  | record/recorded_data[75][1][31]_i_1_n_0    |                                            |               14 |             32 |
|  clk_IBUF_BUFG                  | record/recorded_data[76][1][31]_i_1_n_0    |                                            |               15 |             32 |
|  clk_IBUF_BUFG                  | record/recorded_data[31][1][31]_i_1_n_0    |                                            |               13 |             32 |
|  clk_IBUF_BUFG                  | record/recorded_data[6][1][31]_i_1_n_0     |                                            |               10 |             32 |
|  clk_IBUF_BUFG                  | record/recorded_data[68][1][31]_i_1_n_0    |                                            |               15 |             32 |
|  clk_IBUF_BUFG                  | record/recorded_data[69][1][31]_i_1_n_0    |                                            |               15 |             32 |
|  clk_IBUF_BUFG                  | record/recorded_data[74][1][31]_i_1_n_0    |                                            |               13 |             32 |
|  clk_IBUF_BUFG                  | record/recorded_data[73][1][31]_i_1_n_0    |                                            |               15 |             32 |
|  clk_IBUF_BUFG                  | record/recorded_data[71][1][31]_i_1_n_0    |                                            |               14 |             32 |
|  clk_IBUF_BUFG                  | record/recorded_data[70][1][31]_i_1_n_0    |                                            |               12 |             32 |
|  clk_IBUF_BUFG                  | record/recorded_data[67][1][31]_i_1_n_0    |                                            |               13 |             32 |
|  clk_IBUF_BUFG                  | record/recorded_data[82][1][31]_i_1_n_0    |                                            |               14 |             32 |
|  clk_IBUF_BUFG                  | record/recorded_data[86][1][31]_i_1_n_0    |                                            |               11 |             32 |
|  clk_IBUF_BUFG                  | record/recorded_data[83][1][31]_i_1_n_0    |                                            |               13 |             32 |
|  clk_IBUF_BUFG                  | record/recorded_data[87][1][31]_i_1_n_0    |                                            |               13 |             32 |
|  clk_IBUF_BUFG                  | record/recorded_data[88][1][31]_i_1_n_0    |                                            |               12 |             32 |
|  clk_IBUF_BUFG                  | record/recorded_data[78][1][31]_i_1_n_0    |                                            |               14 |             32 |
|  clk_IBUF_BUFG                  | record/recorded_data[80][1][31]_i_1_n_0    |                                            |               14 |             32 |
|  clk_IBUF_BUFG                  | record/recorded_data[85][1][31]_i_1_n_0    |                                            |               14 |             32 |
|  clk_IBUF_BUFG                  | record/recorded_data[81][1][31]_i_1_n_0    |                                            |               12 |             32 |
|  clk_IBUF_BUFG                  | record/recorded_data[79][1][31]_i_1_n_0    |                                            |               15 |             32 |
|  clk_IBUF_BUFG                  | record/recorded_data[7][1][31]_i_1_n_0     |                                            |                9 |             32 |
|  clk_IBUF_BUFG                  | record/recorded_data[84][1][31]_i_1_n_0    |                                            |               12 |             32 |
|  clk_IBUF_BUFG                  | record/recorded_data[98][1][31]_i_1_n_0    |                                            |               14 |             32 |
|  clk_IBUF_BUFG                  | record/recorded_data[93][1][31]_i_1_n_0    |                                            |               13 |             32 |
|  clk_IBUF_BUFG                  | record/recorded_data[99][1][31]_i_1_n_0    |                                            |               14 |             32 |
|  clk_IBUF_BUFG                  | record/recorded_data[91][1][31]_i_1_n_0    |                                            |               13 |             32 |
|  clk_IBUF_BUFG                  | record/recorded_data[97][1][31]_i_1_n_0    |                                            |               12 |             32 |
|  clk_IBUF_BUFG                  | record/recorded_data[8][1][31]_i_1_n_0     |                                            |               10 |             32 |
|  clk_IBUF_BUFG                  | record/recorded_data[95][1][31]_i_1_n_0    |                                            |               13 |             32 |
|  clk_IBUF_BUFG                  | record/recorded_data[96][1][31]_i_1_n_0    |                                            |               15 |             32 |
|  clk_IBUF_BUFG                  | record/recorded_data[92][1][31]_i_1_n_0    |                                            |               13 |             32 |
|  clk_IBUF_BUFG                  | record/recorded_data[90][1][31]_i_1_n_0    |                                            |               11 |             32 |
|  clk_IBUF_BUFG                  | record/recorded_data[89][1][31]_i_1_n_0    |                                            |               12 |             32 |
|  clk_IBUF_BUFG                  | record/recorded_data[94][1][31]_i_1_n_0    |                                            |               14 |             32 |
|  clk_IBUF_BUFG                  | record/recorded_data[9][1][31]_i_1_n_0     |                                            |               10 |             32 |
|  clk_IBUF_BUFG                  | auto_play/song1/counter                    | auto_play/song1/counter[0]_i_1__3_n_0      |                8 |             32 |
|  clk_IBUF_BUFG                  | auto_play/song1/counter                    | auto_play/song1/counter_beat[0]_i_1__1_n_0 |                8 |             32 |
|  clk_IBUF_BUFG                  | auto_play/song1/counter_stop[0]_i_1_n_0    | auto_play/song1/counter_beat[0]_i_1__1_n_0 |                8 |             32 |
|  clk_IBUF_BUFG                  | auto_play/song3/counter[0]_i_2__0_n_0      | auto_play/song3/counter[0]_i_1__2_n_0      |                8 |             32 |
|  clk_IBUF_BUFG                  | auto_play/song3/counter_beat[0]_i_2__2_n_0 | auto_play/song3/counter_beat[0]_i_1__0_n_0 |                8 |             32 |
|  clk_IBUF_BUFG                  | record/recorded_data[77][1][31]_i_1_n_0    |                                            |               13 |             32 |
|  clk_IBUF_BUFG                  |                                            | record/div/start5                          |               12 |             37 |
|  clk_IBUF_BUFG                  |                                            | div/cnt_reg[31]_0                          |               19 |             51 |
|  clk_IBUF_BUFG                  |                                            | free/div/cnt_reg[0]_0                      |               18 |             56 |
|  clk_IBUF_BUFG                  |                                            | learn/learn/div/cnt_reg[30]_0              |               26 |             67 |
|  clk_IBUF_BUFG                  | record/state[8]_i_1_n_0                    | record/light[6]_i_1_n_0                    |               28 |             82 |
|  clk_IBUF_BUFG                  | record/light[6]_i_2_n_0                    | record/counter_beat[0]_i_1_n_0             |               26 |            144 |
|  clk_IBUF_BUFG                  |                                            | auto_play/song1/div/clk_20ms_reg_0         |               74 |            166 |
|  clk_IBUF_BUFG                  |                                            |                                            |              143 |            921 |
+---------------------------------+--------------------------------------------+--------------------------------------------+------------------+----------------+


+--------+-----------------------+
| Fanout | Number of ControlSets |
+--------+-----------------------+
| 1      |                     5 |
| 2      |                     2 |
| 3      |                     1 |
| 4      |                     8 |
| 6      |                     9 |
| 7      |                     5 |
| 8      |                     4 |
| 9      |                     6 |
| 10     |                     3 |
| 12     |                     1 |
| 14     |                     1 |
| 15     |                     1 |
| 16+    |                   324 |
+--------+-----------------------+


